// Jest Snapshot v1, https://goo.gl/fbAQLP

exports[`ArticleAdd render 1`] = `
<p>
  Add Article
</p>
`;
