// Jest Snapshot v1, https://goo.gl/fbAQLP

exports[`ArticleEdit render 1`] = `
<p>
  Edit Article
</p>
`;
