// Jest Snapshot v1, https://goo.gl/fbAQLP

exports[`ArticleSwitch render 1`] = `
<articleSwitch>
  <Switch />
</articleSwitch>
`;
