// Jest Snapshot v1, https://goo.gl/fbAQLP

exports[`ArticleList render 1`] = `
<p>
  Article List
</p>
`;
