// Jest Snapshot v1, https://goo.gl/fbAQLP

exports[`ArtistAdd render 1`] = `
<p>
  Add Artist
</p>
`;
