// Jest Snapshot v1, https://goo.gl/fbAQLP

exports[`ArtistEdit render 1`] = `
<p>
  Edit Artist
</p>
`;
