// Jest Snapshot v1, https://goo.gl/fbAQLP

exports[`ArtistSwitch render 1`] = `
<artistSwitch>
  <Switch />
</artistSwitch>
`;
