// Jest Snapshot v1, https://goo.gl/fbAQLP

exports[`ArtistList render 1`] = `
<p>
  Artist List
</p>
`;
