// Jest Snapshot v1, https://goo.gl/fbAQLP

exports[`Stats render 1`] = `
<p>
  Statistics
</p>
`;
