// Jest Snapshot v1, https://goo.gl/fbAQLP

exports[`UserList render 1`] = `
<p>
  User List
</p>
`;
