// Jest Snapshot v1, https://goo.gl/fbAQLP

exports[`ReviewSwitch render 1`] = `
<reviewSwitch>
  <Switch />
</reviewSwitch>
`;
