// Jest Snapshot v1, https://goo.gl/fbAQLP

exports[`ReviewList render 1`] = `
<p>
  Review List
</p>
`;
