// Jest Snapshot v1, https://goo.gl/fbAQLP

exports[`CommentSwitch render 1`] = `
<commentSwitch>
  <Switch />
</commentSwitch>
`;
