// Jest Snapshot v1, https://goo.gl/fbAQLP

exports[`CommentList render 1`] = `
<p>
  Comment List
</p>
`;
