// Jest Snapshot v1, https://goo.gl/fbAQLP

exports[`AlbumAdd render 1`] = `
<p>
  Add Album
</p>
`;
