// Jest Snapshot v1, https://goo.gl/fbAQLP

exports[`AlbumEdit render 1`] = `
<p>
  Edit Album
</p>
`;
