// Jest Snapshot v1, https://goo.gl/fbAQLP

exports[`AlbumSwitch render 1`] = `
<albumSwitch>
  <Switch />
</albumSwitch>
`;
