// Jest Snapshot v1, https://goo.gl/fbAQLP

exports[`AlbumList render 1`] = `
<p>
  Album List
</p>
`;
