// Jest Snapshot v1, https://goo.gl/fbAQLP

exports[`TagAdd render 1`] = `
<p>
  Add Tag
</p>
`;
