// Jest Snapshot v1, https://goo.gl/fbAQLP

exports[`TagEdit render 1`] = `
<p>
  Edit Tag
</p>
`;
