// Jest Snapshot v1, https://goo.gl/fbAQLP

exports[`TagSwitch render 1`] = `
<tagSwitch>
  <Switch />
</tagSwitch>
`;
