// Jest Snapshot v1, https://goo.gl/fbAQLP

exports[`TagList render 1`] = `
<p>
  Tag List
</p>
`;
